adapter_registry_cleanup=a
#REVERSE:a=adapter_registry_cleanup
adapter_registry_cleanup_state=b
#REVERSE:b=adapter_registry_cleanup_state
adapter_registry_extract_metadata=c
#REVERSE:c=adapter_registry_extract_metadata
adapter_registry_get=d
#REVERSE:d=adapter_registry_get
adapter_registry_get_adapters_by_capability=e
#REVERSE:e=adapter_registry_get_adapters_by_capability
adapter_registry_get_all=f
#REVERSE:f=adapter_registry_get_all
adapter_registry_index_capabilities=g
#REVERSE:g=adapter_registry_index_capabilities
adapter_registry_initialize=h
#REVERSE:h=adapter_registry_initialize
adapter_registry_is_registered=i
#REVERSE:i=adapter_registry_is_registered
adapter_registry_load_state=j
#REVERSE:j=adapter_registry_load_state
adapter_registry_register=k
#REVERSE:k=adapter_registry_register
adapter_registry_save_state=l
#REVERSE:l=adapter_registry_save_state
adapter_registry_validate_interface=m
#REVERSE:m=adapter_registry_validate_interface
adapter_registry_validate_metadata=n
#REVERSE:n=adapter_registry_validate_metadata
bats_adapter_check_binaries=o
#REVERSE:o=bats_adapter_check_binaries
bats_adapter_detect=p
#REVERSE:p=bats_adapter_detect
bats_adapter_detect_build_requirements=q
#REVERSE:q=bats_adapter_detect_build_requirements
bats_adapter_discover_test_suites=r
#REVERSE:r=bats_adapter_discover_test_suites
bats_adapter_execute_test_suite=s
#REVERSE:s=bats_adapter_execute_test_suite
bats_adapter_get_build_steps=t
#REVERSE:t=bats_adapter_get_build_steps
bats_adapter_get_confidence=u
#REVERSE:u=bats_adapter_get_confidence
bats_adapter_get_detection_method=v
#REVERSE:v=bats_adapter_get_detection_method
bats_adapter_get_metadata=w
#REVERSE:w=bats_adapter_get_metadata
bats_adapter_parse_test_results=x
#REVERSE:x=bats_adapter_parse_test_results
build_manager_analyze_dependencies=y
#REVERSE:y=build_manager_analyze_dependencies
build_manager_build_containerized_rust_project=z
#REVERSE:z=build_manager_build_containerized_rust_project
build_manager_build_dependent_real=A
#REVERSE:A=build_manager_build_dependent_real
build_manager_build_multi_framework_real=B
#REVERSE:B=build_manager_build_multi_framework_real
build_manager_build_test_image=C
#REVERSE:C=build_manager_build_test_image
build_manager_check_docker=D
#REVERSE:D=build_manager_check_docker
build_manager_cleanup_container=E
#REVERSE:E=build_manager_cleanup_container
build_manager_cleanup_image=F
#REVERSE:F=build_manager_cleanup_image
build_manager_coordinate_with_project_scanner=G
#REVERSE:G=build_manager_coordinate_with_project_scanner
build_manager_create_test_image=H
#REVERSE:H=build_manager_create_test_image
build_manager_create_test_image_from_artifacts=I
#REVERSE:I=build_manager_create_test_image_from_artifacts
build_manager_execute_build=J
#REVERSE:J=build_manager_execute_build
build_manager_execute_build_async=K
#REVERSE:K=build_manager_execute_build_async
build_manager_execute_dependent_builds=L
#REVERSE:L=build_manager_execute_dependent_builds
build_manager_execute_multi_framework=M
#REVERSE:M=build_manager_execute_multi_framework
build_manager_execute_parallel=N
#REVERSE:N=build_manager_execute_parallel
build_manager_execute_with_adapter_specs=O
#REVERSE:O=build_manager_execute_with_adapter_specs
build_manager_generate_dockerfile=P
#REVERSE:P=build_manager_generate_dockerfile
build_manager_get_cpu_cores=Q
#REVERSE:Q=build_manager_get_cpu_cores
build_manager_handle_error=R
#REVERSE:R=build_manager_handle_error
build_manager_handle_signal=S
#REVERSE:S=build_manager_handle_signal
build_manager_initialize=T
#REVERSE:T=build_manager_initialize
build_manager_launch_container=U
#REVERSE:U=build_manager_launch_container
build_manager_orchestrate=V
#REVERSE:V=build_manager_orchestrate
build_manager_pass_image_metadata_to_adapter=W
#REVERSE:W=build_manager_pass_image_metadata_to_adapter
build_manager_process_adapter_build_steps=X
#REVERSE:X=build_manager_process_adapter_build_steps
build_manager_provide_results_to_scanner=Y
#REVERSE:Y=build_manager_provide_results_to_scanner
build_manager_start_build=Z
#REVERSE:Z=build_manager_start_build
build_manager_stop_container=_
#REVERSE:_=build_manager_stop_container
build_manager_track_status=ba
#REVERSE:ba=build_manager_track_status
build_manager_update_build_status=bb
#REVERSE:bb=build_manager_update_build_status
build_manager_validate_requirements=bc
#REVERSE:bc=build_manager_validate_requirements
check_binary=bd
#REVERSE:bd=check_binary
count_bats_tests=be
#REVERSE:be=count_bats_tests
count_rust_tests=bf
#REVERSE:bf=count_rust_tests
count_tests_in_file=bg
#REVERSE:bg=count_tests_in_file
detect_build_requirements=bh
#REVERSE:bh=detect_build_requirements
_detect_circular_dependencies=bi
#REVERSE:bi=_detect_circular_dependencies
detect_frameworks=bj
#REVERSE:bj=detect_frameworks
docker_build=bk
#REVERSE:bk=docker_build
docker_cp=bl
#REVERSE:bl=docker_cp
docker_run=bm
#REVERSE:bm=docker_run
_execute_docker_run=bn
#REVERSE:bn=_execute_docker_run
find_bats_files=bo
#REVERSE:bo=find_bats_files
find_rust_test_files=bp
#REVERSE:bp=find_rust_test_files
framework_detector_with_registry=bq
#REVERSE:bq=framework_detector_with_registry
generate_suite_name=br
#REVERSE:br=generate_suite_name
get_absolute_path=bs
#REVERSE:bs=get_absolute_path
is_bats_file=bt
#REVERSE:bt=is_bats_file
is_file_seen=bu
#REVERSE:bu=is_file_seen
is_rust_file=bv
#REVERSE:bv=is_rust_file
json_array=bw
#REVERSE:bw=json_array
json_escape=bx
#REVERSE:bx=json_escape
json_object=by
#REVERSE:by=json_object
main=bz
#REVERSE:bz=main
normalize_path=bA
#REVERSE:bA=normalize_path
output_framework_detection_results=bB
#REVERSE:bB=output_framework_detection_results
output_results=bC
#REVERSE:bC=output_results
parse_test_suites_json=bD
#REVERSE:bD=parse_test_suites_json
project_scanner_registry_orchestration=bE
#REVERSE:bE=project_scanner_registry_orchestration
rust_adapter_check_binaries=bF
#REVERSE:bF=rust_adapter_check_binaries
rust_adapter_detect=bG
#REVERSE:bG=rust_adapter_detect
rust_adapter_detect_build_requirements=bH
#REVERSE:bH=rust_adapter_detect_build_requirements
rust_adapter_discover_test_suites=bI
#REVERSE:bI=rust_adapter_discover_test_suites
rust_adapter_execute_test_suite=bJ
#REVERSE:bJ=rust_adapter_execute_test_suite
rust_adapter_get_build_steps=bK
#REVERSE:bK=rust_adapter_get_build_steps
rust_adapter_get_confidence=bL
#REVERSE:bL=rust_adapter_get_confidence
rust_adapter_get_detection_method=bM
#REVERSE:bM=rust_adapter_get_detection_method
rust_adapter_get_metadata=bN
#REVERSE:bN=rust_adapter_get_metadata
rust_adapter_parse_test_results=bO
#REVERSE:bO=rust_adapter_parse_test_results
scan_project=bP
#REVERSE:bP=scan_project
show_help=bQ
#REVERSE:bQ=show_help
test_suite_discovery_with_registry=bR
#REVERSE:bR=test_suite_discovery_with_registry
ADAPTER_REGISTRY=bS
#REVERSE:bS=ADAPTER_REGISTRY
ADAPTER_REGISTRY_CAPABILITIES=bT
#REVERSE:bT=ADAPTER_REGISTRY_CAPABILITIES
ADAPTER_REGISTRY_CAPABILITIES_FILE=bU
#REVERSE:bU=ADAPTER_REGISTRY_CAPABILITIES_FILE
ADAPTER_REGISTRY_FILE=bV
#REVERSE:bV=ADAPTER_REGISTRY_FILE
ADAPTER_REGISTRY_INIT_FILE=bW
#REVERSE:bW=ADAPTER_REGISTRY_INIT_FILE
ADAPTER_REGISTRY_INITIALIZED=bX
#REVERSE:bX=ADAPTER_REGISTRY_INITIALIZED
ADAPTER_REGISTRY_ORDER=bY
#REVERSE:bY=ADAPTER_REGISTRY_ORDER
ADAPTER_REGISTRY_ORDER_FILE=bZ
#REVERSE:bZ=ADAPTER_REGISTRY_ORDER_FILE
BINARY_STATUS_JSON=b_
#REVERSE:b_=BINARY_STATUS_JSON
BUILD_MANAGER_ACTIVE_BUILDS_FILE=ca
#REVERSE:ca=BUILD_MANAGER_ACTIVE_BUILDS_FILE
BUILD_MANAGER_ACTIVE_CONTAINERS=cb
#REVERSE:cb=BUILD_MANAGER_ACTIVE_CONTAINERS
BUILD_MANAGER_BUILD_STATUS_FILE=cc
#REVERSE:cc=BUILD_MANAGER_BUILD_STATUS_FILE
BUILD_MANAGER_SECOND_SIGNAL=cd
#REVERSE:cd=BUILD_MANAGER_SECOND_SIGNAL
BUILD_MANAGER_SIGNAL_RECEIVED=ce
#REVERSE:ce=BUILD_MANAGER_SIGNAL_RECEIVED
BUILD_MANAGER_TEMP_DIR=cf
#REVERSE:cf=BUILD_MANAGER_TEMP_DIR
DETECTED_FRAMEWORKS=cg
#REVERSE:cg=DETECTED_FRAMEWORKS
DETECTED_FRAMEWORKS_JSON=ch
#REVERSE:ch=DETECTED_FRAMEWORKS_JSON
DISCOVERED_SUITES=ci
#REVERSE:ci=DISCOVERED_SUITES
FRAMEWORK_ADAPTERS=cj
#REVERSE:cj=FRAMEWORK_ADAPTERS
FRAMEWORK_DETAILS_JSON=ck
#REVERSE:ck=FRAMEWORK_DETAILS_JSON
FRAMEWORK_ERRORS_JSON=cl
#REVERSE:cl=FRAMEWORK_ERRORS_JSON
FRAMEWORK_WARNINGS_JSON=cm
#REVERSE:cm=FRAMEWORK_WARNINGS_JSON
REGISTRY_BASE_DIR=cn
#REVERSE:cn=REGISTRY_BASE_DIR
SCAN_ERRORS=co
#REVERSE:co=SCAN_ERRORS
artifacts_included=cp
#REVERSE:cp=artifacts_included
build_artifacts=cq
#REVERSE:cq=build_artifacts
build_command=cr
#REVERSE:cr=build_command
build_commands=cs
#REVERSE:cs=build_commands
build_dependencies=ct
#REVERSE:ct=build_dependencies
build_steps=cu
#REVERSE:cu=build_steps
container_id=cv
#REVERSE:cv=container_id
cpu_cores=cw
#REVERSE:cw=cpu_cores
cpu_cores_used=cx
#REVERSE:cx=cpu_cores_used
dockerfile_generated=cy
#REVERSE:cy=dockerfile_generated
dockerfile_path=cz
#REVERSE:cz=dockerfile_path
docker_image=cA
#REVERSE:cA=docker_image
duration=cB
#REVERSE:cB=duration
end_time=cC
#REVERSE:cC=end_time
environment_variables=cD
#REVERSE:cD=environment_variables
error=cE
#REVERSE:cE=error
execution_method=cF
#REVERSE:cF=execution_method
exit_code=cG
#REVERSE:cG=exit_code
failed_tests=cH
#REVERSE:cH=failed_tests
framework=cI
#REVERSE:cI=framework
image_id=cJ
#REVERSE:cJ=image_id
image_name=cK
#REVERSE:cK=image_name
image_verified=cL
#REVERSE:cL=image_verified
install_dependencies_command=cM
#REVERSE:cM=install_dependencies_command
name=cN
#REVERSE:cN=name
output=cO
#REVERSE:cO=output
passed_tests=cP
#REVERSE:cP=passed_tests
processed=cQ
#REVERSE:cQ=processed
ready=cR
#REVERSE:cR=ready
received=cS
#REVERSE:cS=received
requires_build=cT
#REVERSE:cT=requires_build
skipped_tests=cU
#REVERSE:cU=skipped_tests
source_included=cV
#REVERSE:cV=source_included
start_time=cW
#REVERSE:cW=start_time
status=cX
#REVERSE:cX=status
step_name=cY
#REVERSE:cY=step_name
success=cZ
#REVERSE:cZ=success
test_details=c_
#REVERSE:c_=test_details
test_files=da
#REVERSE:da=test_files
test_image=db
#REVERSE:db=test_image
tests_included=dc
#REVERSE:dc=tests_included
tiers=dd
#REVERSE:dd=tiers
total_tests=de
#REVERSE:de=total_tests
volume_mounts=df
#REVERSE:df=volume_mounts
working_directory=dg
#REVERSE:dg=working_directory
