adapter_registry_cleanup=a
#REVERSE:a=adapter_registry_cleanup
adapter_registry_cleanup_state=b
#REVERSE:b=adapter_registry_cleanup_state
_adapter_registry_decode_value=c
#REVERSE:c=_adapter_registry_decode_value
_adapter_registry_determine_base_dir=d
#REVERSE:d=_adapter_registry_determine_base_dir
_adapter_registry_determine_file_locations=e
#REVERSE:e=_adapter_registry_determine_file_locations
_adapter_registry_encode_value=f
#REVERSE:f=_adapter_registry_encode_value
_adapter_registry_ensure_directory=g
#REVERSE:g=_adapter_registry_ensure_directory
adapter_registry_extract_metadata=h
#REVERSE:h=adapter_registry_extract_metadata
adapter_registry_get=i
#REVERSE:i=adapter_registry_get
adapter_registry_get_adapters_by_capability=j
#REVERSE:j=adapter_registry_get_adapters_by_capability
adapter_registry_get_all=k
#REVERSE:k=adapter_registry_get_all
adapter_registry_index_capabilities=l
#REVERSE:l=adapter_registry_index_capabilities
adapter_registry_initialize=m
#REVERSE:m=adapter_registry_initialize
adapter_registry_is_registered=n
#REVERSE:n=adapter_registry_is_registered
_adapter_registry_load_array_from_file=o
#REVERSE:o=_adapter_registry_load_array_from_file
_adapter_registry_load_order_array=p
#REVERSE:p=_adapter_registry_load_order_array
adapter_registry_load_state=q
#REVERSE:q=adapter_registry_load_state
_adapter_registry_parse_file_paths=r
#REVERSE:r=_adapter_registry_parse_file_paths
_adapter_registry_perform_reload=s
#REVERSE:s=_adapter_registry_perform_reload
_adapter_registry_populate_array_from_output=t
#REVERSE:t=_adapter_registry_populate_array_from_output
_adapter_registry_rebuild_capabilities=u
#REVERSE:u=_adapter_registry_rebuild_capabilities
adapter_registry_register=v
#REVERSE:v=adapter_registry_register
_adapter_registry_save_array_to_file=w
#REVERSE:w=_adapter_registry_save_array_to_file
_adapter_registry_save_initialized=x
#REVERSE:x=_adapter_registry_save_initialized
_adapter_registry_save_order=y
#REVERSE:y=_adapter_registry_save_order
adapter_registry_save_state=z
#REVERSE:z=adapter_registry_save_state
_adapter_registry_should_reload=A
#REVERSE:A=_adapter_registry_should_reload
adapter_registry_validate_interface=B
#REVERSE:B=adapter_registry_validate_interface
adapter_registry_validate_metadata=C
#REVERSE:C=adapter_registry_validate_metadata
array_to_json=D
#REVERSE:D=array_to_json
assoc_array_to_json=E
#REVERSE:E=assoc_array_to_json
bats_adapter_check_binaries=F
#REVERSE:F=bats_adapter_check_binaries
bats_adapter_detect=G
#REVERSE:G=bats_adapter_detect
bats_adapter_detect_build_requirements=H
#REVERSE:H=bats_adapter_detect_build_requirements
bats_adapter_discover_test_suites=I
#REVERSE:I=bats_adapter_discover_test_suites
bats_adapter_execute_test_suite=J
#REVERSE:J=bats_adapter_execute_test_suite
bats_adapter_get_build_steps=K
#REVERSE:K=bats_adapter_get_build_steps
bats_adapter_get_confidence=L
#REVERSE:L=bats_adapter_get_confidence
bats_adapter_get_detection_method=M
#REVERSE:M=bats_adapter_get_detection_method
bats_adapter_get_metadata=N
#REVERSE:N=bats_adapter_get_metadata
bats_adapter_parse_test_results=O
#REVERSE:O=bats_adapter_parse_test_results
_bats_build_suites_json=P
#REVERSE:P=_bats_build_suites_json
_bats_discover_root_files=Q
#REVERSE:Q=_bats_discover_root_files
_bats_discover_test_directories=R
#REVERSE:R=_bats_discover_test_directories
build_manager_analyze_dependencies=S
#REVERSE:S=build_manager_analyze_dependencies
build_manager_analyze_dependencies_array=T
#REVERSE:T=build_manager_analyze_dependencies_array
build_manager_build_containerized_rust_project=U
#REVERSE:U=build_manager_build_containerized_rust_project
build_manager_build_dependent_real=V
#REVERSE:V=build_manager_build_dependent_real
_build_manager_build_docker_args=W
#REVERSE:W=_build_manager_build_docker_args
_build_manager_build_image=X
#REVERSE:X=_build_manager_build_image
build_manager_build_multi_framework_real=Y
#REVERSE:Y=build_manager_build_multi_framework_real
build_manager_build_test_image=Z
#REVERSE:Z=build_manager_build_test_image
_build_manager_check_circular_deps=_
#REVERSE:_=_build_manager_check_circular_deps
build_manager_check_docker=ba
#REVERSE:ba=build_manager_check_docker
_build_manager_check_tier_failures=bb
#REVERSE:bb=_build_manager_check_tier_failures
build_manager_cleanup_container=bc
#REVERSE:bc=build_manager_cleanup_container
build_manager_cleanup_image=bd
#REVERSE:bd=build_manager_cleanup_image
_build_manager_cleanup_on_signal=be
#REVERSE:be=_build_manager_cleanup_on_signal
build_manager_coordinate_with_project_scanner=bf
#REVERSE:bf=build_manager_coordinate_with_project_scanner
_build_manager_count_tiers=bg
#REVERSE:bg=_build_manager_count_tiers
_build_manager_create_result_json=bh
#REVERSE:bh=_build_manager_create_result_json
build_manager_create_test_image=bi
#REVERSE:bi=build_manager_create_test_image
build_manager_create_test_image_from_artifacts=bj
#REVERSE:bj=build_manager_create_test_image_from_artifacts
build_manager_execute_build=bk
#REVERSE:bk=build_manager_execute_build
build_manager_execute_build_async=bl
#REVERSE:bl=build_manager_execute_build_async
build_manager_execute_dependent_builds=bm
#REVERSE:bm=build_manager_execute_dependent_builds
_build_manager_execute_docker_build=bn
#REVERSE:bn=_build_manager_execute_docker_build
build_manager_execute_multi_framework=bo
#REVERSE:bo=build_manager_execute_multi_framework
build_manager_execute_parallel=bp
#REVERSE:bp=build_manager_execute_parallel
_build_manager_execute_rust_build=bq
#REVERSE:bq=_build_manager_execute_rust_build
_build_manager_execute_tier=br
#REVERSE:br=_build_manager_execute_tier
_build_manager_execute_tier_loop=bs
#REVERSE:bs=_build_manager_execute_tier_loop
build_manager_execute_with_adapter_specs=bt
#REVERSE:bt=build_manager_execute_with_adapter_specs
_build_manager_find_framework_req=bu
#REVERSE:bu=_build_manager_find_framework_req
build_manager_generate_dockerfile=bv
#REVERSE:bv=build_manager_generate_dockerfile
_build_manager_generate_mock_results=bw
#REVERSE:bw=_build_manager_generate_mock_results
build_manager_get_cpu_cores=bx
#REVERSE:bx=build_manager_get_cpu_cores
_build_manager_get_tier_build_specs=by
#REVERSE:by=_build_manager_get_tier_build_specs
_build_manager_group_into_tiers=bz
#REVERSE:bz=_build_manager_group_into_tiers
build_manager_handle_error=bA
#REVERSE:bA=build_manager_handle_error
build_manager_handle_signal=bB
#REVERSE:bB=build_manager_handle_signal
build_manager_initialize=bC
#REVERSE:bC=build_manager_initialize
build_manager_launch_container=bD
#REVERSE:bD=build_manager_launch_container
build_manager_orchestrate=bE
#REVERSE:bE=build_manager_orchestrate
_build_manager_parse_build_spec=bF
#REVERSE:bF=_build_manager_parse_build_spec
build_manager_pass_image_metadata_to_adapter=bG
#REVERSE:bG=build_manager_pass_image_metadata_to_adapter
_build_manager_prepare_container_args=bH
#REVERSE:bH=_build_manager_prepare_container_args
_build_manager_prepare_image_context=bI
#REVERSE:bI=_build_manager_prepare_image_context
_build_manager_prepare_rust_build=bJ
#REVERSE:bJ=_build_manager_prepare_rust_build
build_manager_process_adapter_build_steps=bK
#REVERSE:bK=build_manager_process_adapter_build_steps
build_manager_provide_results_to_scanner=bL
#REVERSE:bL=build_manager_provide_results_to_scanner
_build_manager_setup_async_build=bM
#REVERSE:bM=_build_manager_setup_async_build
_build_manager_setup_build_container=bN
#REVERSE:bN=_build_manager_setup_build_container
build_manager_start_build=bO
#REVERSE:bO=build_manager_start_build
_build_manager_start_container=bP
#REVERSE:bP=_build_manager_start_container
build_manager_stop_container=bQ
#REVERSE:bQ=build_manager_stop_container
build_manager_track_status=bR
#REVERSE:bR=build_manager_track_status
build_manager_update_build_status=bS
#REVERSE:bS=build_manager_update_build_status
build_manager_validate_requirements=bT
#REVERSE:bT=build_manager_validate_requirements
build_requirements_json_to_array=bU
#REVERSE:bU=build_requirements_json_to_array
check_binary=bV
#REVERSE:bV=check_binary
count_bats_tests=bW
#REVERSE:bW=count_bats_tests
count_rust_tests=bX
#REVERSE:bX=count_rust_tests
count_tests_in_file=bY
#REVERSE:bY=count_tests_in_file
dependency_analysis_array_to_json=bZ
#REVERSE:bZ=dependency_analysis_array_to_json
detect_build_requirements=b_
#REVERSE:b_=detect_build_requirements
_detect_circular_dependencies=ca
#REVERSE:ca=_detect_circular_dependencies
detect_frameworks=cb
#REVERSE:cb=detect_frameworks
_detect_process_adapter=cc
#REVERSE:cc=_detect_process_adapter
_detect_process_framework_metadata=cd
#REVERSE:cd=_detect_process_framework_metadata
_detect_register_test_adapters=ce
#REVERSE:ce=_detect_register_test_adapters
_detect_store_results=cf
#REVERSE:cf=_detect_store_results
docker_build=cg
#REVERSE:cg=docker_build
docker_cp=ch
#REVERSE:ch=docker_cp
docker_run=ci
#REVERSE:ci=docker_run
_execute_docker_run=cj
#REVERSE:cj=_execute_docker_run
find_bats_files=ck
#REVERSE:ck=find_bats_files
find_rust_test_files=cl
#REVERSE:cl=find_rust_test_files
framework_detection_results_to_json=cm
#REVERSE:cm=framework_detection_results_to_json
framework_detector_with_registry=cn
#REVERSE:cn=framework_detector_with_registry
generate_suite_name=co
#REVERSE:co=generate_suite_name
get_absolute_path=cp
#REVERSE:cp=get_absolute_path
is_bats_file=cq
#REVERSE:cq=is_bats_file
is_file_seen=cr
#REVERSE:cr=is_file_seen
is_rust_file=cs
#REVERSE:cs=is_rust_file
json_array=ct
#REVERSE:ct=json_array
json_array_append=cu
#REVERSE:cu=json_array_append
json_array_get=cv
#REVERSE:cv=json_array_get
json_array_length=cw
#REVERSE:cw=json_array_length
json_clear_cache=cx
#REVERSE:cx=json_clear_cache
json_escape=cy
#REVERSE:cy=json_escape
json_get=cz
#REVERSE:cz=json_get
json_get_array=cA
#REVERSE:cA=json_get_array
json_get_cached=cB
#REVERSE:cB=json_get_cached
json_has_field=cC
#REVERSE:cC=json_has_field
json_is_array=cD
#REVERSE:cD=json_is_array
json_is_object=cE
#REVERSE:cE=json_is_object
json_merge=cF
#REVERSE:cF=json_merge
json_object=cG
#REVERSE:cG=json_object
json_set=cH
#REVERSE:cH=json_set
json_to_array=cI
#REVERSE:cI=json_to_array
json_validate=cJ
#REVERSE:cJ=json_validate
main=cK
#REVERSE:cK=main
_main_handle_help=cL
#REVERSE:cL=_main_handle_help
_main_handle_subcommand=cM
#REVERSE:cM=_main_handle_subcommand
_main_parse_arguments=cN
#REVERSE:cN=_main_parse_arguments
normalize_path=cO
#REVERSE:cO=normalize_path
_output_format_frameworks=cP
#REVERSE:cP=_output_format_frameworks
_output_format_suites=cQ
#REVERSE:cQ=_output_format_suites
output_framework_detection_results=cR
#REVERSE:cR=output_framework_detection_results
output_results=cS
#REVERSE:cS=output_results
_parse_count_tests=cT
#REVERSE:cT=_parse_count_tests
_parse_count_tests_in_file=cU
#REVERSE:cU=_parse_count_tests_in_file
_parse_count_tests_in_suite=cV
#REVERSE:cV=_parse_count_tests_in_suite
_parse_extract_suite_data=cW
#REVERSE:cW=_parse_extract_suite_data
_parse_extract_suite_name=cX
#REVERSE:cX=_parse_extract_suite_name
_parse_extract_test_files=cY
#REVERSE:cY=_parse_extract_test_files
_parse_format_suite_output=cZ
#REVERSE:cZ=_parse_format_suite_output
_parse_split_json_array=c_
#REVERSE:c_=_parse_split_json_array
parse_test_suites_json=da
#REVERSE:da=parse_test_suites_json
project_scanner_registry_orchestration=db
#REVERSE:db=project_scanner_registry_orchestration
rust_adapter_check_binaries=dc
#REVERSE:dc=rust_adapter_check_binaries
rust_adapter_detect=dd
#REVERSE:dd=rust_adapter_detect
rust_adapter_detect_build_requirements=de
#REVERSE:de=rust_adapter_detect_build_requirements
rust_adapter_discover_test_suites=df
#REVERSE:df=rust_adapter_discover_test_suites
rust_adapter_execute_test_suite=dg
#REVERSE:dg=rust_adapter_execute_test_suite
rust_adapter_get_build_steps=dh
#REVERSE:dh=rust_adapter_get_build_steps
rust_adapter_get_confidence=di
#REVERSE:di=rust_adapter_get_confidence
rust_adapter_get_detection_method=dj
#REVERSE:dj=rust_adapter_get_detection_method
rust_adapter_get_metadata=dk
#REVERSE:dk=rust_adapter_get_metadata
rust_adapter_parse_test_results=dl
#REVERSE:dl=rust_adapter_parse_test_results
_rust_build_test_suites_json=dm
#REVERSE:dm=_rust_build_test_suites_json
_rust_discover_integration_tests=dn
#REVERSE:dn=_rust_discover_integration_tests
_rust_discover_unit_tests=do
#REVERSE:do=_rust_discover_unit_tests
_scan_parse_frameworks_json=dp
#REVERSE:dp=_scan_parse_frameworks_json
_scan_process_framework=dq
#REVERSE:dq=_scan_process_framework
_scan_process_framework_discovery=dr
#REVERSE:dr=_scan_process_framework_discovery
scan_project=ds
#REVERSE:ds=scan_project
_scan_register_test_adapters=dt
#REVERSE:dt=_scan_register_test_adapters
show_help=du
#REVERSE:du=show_help
test_suite_discovery_with_registry=dv
#REVERSE:dv=test_suite_discovery_with_registry
ADAPTER_REGISTRY=dw
#REVERSE:dw=ADAPTER_REGISTRY
ADAPTER_REGISTRY_CAPABILITIES=dx
#REVERSE:dx=ADAPTER_REGISTRY_CAPABILITIES
JSON_CACHE=dy
#REVERSE:dy=JSON_CACHE
ADAPTER_REGISTRY_CAPABILITIES_FILE=dz
#REVERSE:dz=ADAPTER_REGISTRY_CAPABILITIES_FILE
ADAPTER_REGISTRY_FILE=dA
#REVERSE:dA=ADAPTER_REGISTRY_FILE
ADAPTER_REGISTRY_INIT_FILE=dB
#REVERSE:dB=ADAPTER_REGISTRY_INIT_FILE
ADAPTER_REGISTRY_INITIALIZED=dC
#REVERSE:dC=ADAPTER_REGISTRY_INITIALIZED
ADAPTER_REGISTRY_ORDER=dD
#REVERSE:dD=ADAPTER_REGISTRY_ORDER
ADAPTER_REGISTRY_ORDER_FILE=dE
#REVERSE:dE=ADAPTER_REGISTRY_ORDER_FILE
BINARY_STATUS_JSON=dF
#REVERSE:dF=BINARY_STATUS_JSON
BUILD_MANAGER_ACTIVE_BUILDS_FILE=dG
#REVERSE:dG=BUILD_MANAGER_ACTIVE_BUILDS_FILE
BUILD_MANAGER_ACTIVE_CONTAINERS=dH
#REVERSE:dH=BUILD_MANAGER_ACTIVE_CONTAINERS
BUILD_MANAGER_BUILD_STATUS_FILE=dI
#REVERSE:dI=BUILD_MANAGER_BUILD_STATUS_FILE
BUILD_MANAGER_SECOND_SIGNAL=dJ
#REVERSE:dJ=BUILD_MANAGER_SECOND_SIGNAL
BUILD_MANAGER_SIGNAL_RECEIVED=dK
#REVERSE:dK=BUILD_MANAGER_SIGNAL_RECEIVED
BUILD_MANAGER_TEMP_DIR=dL
#REVERSE:dL=BUILD_MANAGER_TEMP_DIR
DETECTED_FRAMEWORKS=dM
#REVERSE:dM=DETECTED_FRAMEWORKS
DETECTED_FRAMEWORKS_JSON=dN
#REVERSE:dN=DETECTED_FRAMEWORKS_JSON
DISCOVERED_SUITES=dO
#REVERSE:dO=DISCOVERED_SUITES
FRAMEWORK_ADAPTERS=dP
#REVERSE:dP=FRAMEWORK_ADAPTERS
FRAMEWORK_DETAILS_JSON=dQ
#REVERSE:dQ=FRAMEWORK_DETAILS_JSON
FRAMEWORK_ERRORS_JSON=dR
#REVERSE:dR=FRAMEWORK_ERRORS_JSON
FRAMEWORK_WARNINGS_JSON=dS
#REVERSE:dS=FRAMEWORK_WARNINGS_JSON
REGISTRY_BASE_DIR=dT
#REVERSE:dT=REGISTRY_BASE_DIR
SCAN_ERRORS=dU
#REVERSE:dU=SCAN_ERRORS
build_artifacts=dV
#REVERSE:dV=build_artifacts
build_command=dW
#REVERSE:dW=build_command
build_commands=dX
#REVERSE:dX=build_commands
build_dependencies=dY
#REVERSE:dY=build_dependencies
build_steps=dZ
#REVERSE:dZ=build_steps
container_id=d_
#REVERSE:d_=container_id
cpu_cores=ea
#REVERSE:ea=cpu_cores
cpu_cores_used=eb
#REVERSE:eb=cpu_cores_used
dockerfile_path=ec
#REVERSE:ec=dockerfile_path
docker_image=ed
#REVERSE:ed=docker_image
duration=ee
#REVERSE:ee=duration
end_time=ef
#REVERSE:ef=end_time
environment_variables=eg
#REVERSE:eg=environment_variables
error=eh
#REVERSE:eh=error
execution_method=ei
#REVERSE:ei=execution_method
exit_code=ej
#REVERSE:ej=exit_code
failed_tests=ek
#REVERSE:ek=failed_tests
framework=el
#REVERSE:el=framework
image_id=em
#REVERSE:em=image_id
image_name=en
#REVERSE:en=image_name
install_dependencies_command=eo
#REVERSE:eo=install_dependencies_command
name=ep
#REVERSE:ep=name
output=eq
#REVERSE:eq=output
passed_tests=er
#REVERSE:er=passed_tests
processed=es
#REVERSE:es=processed
ready=et
#REVERSE:et=ready
received=eu
#REVERSE:eu=received
requires_build=ev
#REVERSE:ev=requires_build
skipped_tests=ew
#REVERSE:ew=skipped_tests
start_time=ex
#REVERSE:ex=start_time
status=ey
#REVERSE:ey=status
step_name=ez
#REVERSE:ez=step_name
success=eA
#REVERSE:eA=success
test_details=eB
#REVERSE:eB=test_details
test_files=eC
#REVERSE:eC=test_files
test_image=eD
#REVERSE:eD=test_image
tiers=eE
#REVERSE:eE=tiers
total_tests=eF
#REVERSE:eF=total_tests
volume_mounts=eG
#REVERSE:eG=volume_mounts
working_directory=eH
#REVERSE:eH=working_directory
