adapter_registry_cleanup=a
#REVERSE:a=adapter_registry_cleanup
adapter_registry_cleanup_state=b
#REVERSE:b=adapter_registry_cleanup_state
adapter_registry_extract_metadata=c
#REVERSE:c=adapter_registry_extract_metadata
adapter_registry_get=d
#REVERSE:d=adapter_registry_get
adapter_registry_get_adapters_by_capability=e
#REVERSE:e=adapter_registry_get_adapters_by_capability
adapter_registry_get_all=f
#REVERSE:f=adapter_registry_get_all
adapter_registry_index_capabilities=g
#REVERSE:g=adapter_registry_index_capabilities
adapter_registry_initialize=h
#REVERSE:h=adapter_registry_initialize
adapter_registry_is_registered=i
#REVERSE:i=adapter_registry_is_registered
adapter_registry_load_state=j
#REVERSE:j=adapter_registry_load_state
adapter_registry_register=k
#REVERSE:k=adapter_registry_register
adapter_registry_save_state=l
#REVERSE:l=adapter_registry_save_state
adapter_registry_validate_interface=m
#REVERSE:m=adapter_registry_validate_interface
adapter_registry_validate_metadata=n
#REVERSE:n=adapter_registry_validate_metadata
bats_adapter_check_binaries=o
#REVERSE:o=bats_adapter_check_binaries
bats_adapter_detect=p
#REVERSE:p=bats_adapter_detect
bats_adapter_detect_build_requirements=q
#REVERSE:q=bats_adapter_detect_build_requirements
bats_adapter_discover_test_suites=r
#REVERSE:r=bats_adapter_discover_test_suites
bats_adapter_execute_test_suite=s
#REVERSE:s=bats_adapter_execute_test_suite
bats_adapter_get_build_steps=t
#REVERSE:t=bats_adapter_get_build_steps
bats_adapter_get_confidence=u
#REVERSE:u=bats_adapter_get_confidence
bats_adapter_get_detection_method=v
#REVERSE:v=bats_adapter_get_detection_method
bats_adapter_get_metadata=w
#REVERSE:w=bats_adapter_get_metadata
bats_adapter_parse_test_results=x
#REVERSE:x=bats_adapter_parse_test_results
build_manager_analyze_dependencies=y
#REVERSE:y=build_manager_analyze_dependencies
build_manager_build_test_image=z
#REVERSE:z=build_manager_build_test_image
build_manager_check_docker=A
#REVERSE:A=build_manager_check_docker
build_manager_cleanup_container=B
#REVERSE:B=build_manager_cleanup_container
build_manager_cleanup_image=C
#REVERSE:C=build_manager_cleanup_image
build_manager_coordinate_with_project_scanner=D
#REVERSE:D=build_manager_coordinate_with_project_scanner
build_manager_create_test_image=E
#REVERSE:E=build_manager_create_test_image
build_manager_execute_build=F
#REVERSE:F=build_manager_execute_build
build_manager_execute_build_async=G
#REVERSE:G=build_manager_execute_build_async
build_manager_execute_parallel=H
#REVERSE:H=build_manager_execute_parallel
build_manager_execute_with_adapter_specs=I
#REVERSE:I=build_manager_execute_with_adapter_specs
build_manager_generate_dockerfile=J
#REVERSE:J=build_manager_generate_dockerfile
build_manager_get_cpu_cores=K
#REVERSE:K=build_manager_get_cpu_cores
build_manager_handle_error=L
#REVERSE:L=build_manager_handle_error
build_manager_handle_signal=M
#REVERSE:M=build_manager_handle_signal
build_manager_initialize=N
#REVERSE:N=build_manager_initialize
build_manager_launch_container=O
#REVERSE:O=build_manager_launch_container
build_manager_orchestrate=P
#REVERSE:P=build_manager_orchestrate
build_manager_pass_image_metadata_to_adapter=Q
#REVERSE:Q=build_manager_pass_image_metadata_to_adapter
build_manager_process_adapter_build_steps=R
#REVERSE:R=build_manager_process_adapter_build_steps
build_manager_provide_results_to_scanner=S
#REVERSE:S=build_manager_provide_results_to_scanner
build_manager_start_build=T
#REVERSE:T=build_manager_start_build
build_manager_stop_container=U
#REVERSE:U=build_manager_stop_container
build_manager_track_status=V
#REVERSE:V=build_manager_track_status
build_manager_update_build_status=W
#REVERSE:W=build_manager_update_build_status
build_manager_validate_requirements=X
#REVERSE:X=build_manager_validate_requirements
check_binary=Y
#REVERSE:Y=check_binary
count_bats_tests=Z
#REVERSE:Z=count_bats_tests
count_rust_tests=_
#REVERSE:_=count_rust_tests
count_tests_in_file=ba
#REVERSE:ba=count_tests_in_file
detect_build_requirements=bb
#REVERSE:bb=detect_build_requirements
_detect_circular_dependencies=bc
#REVERSE:bc=_detect_circular_dependencies
detect_frameworks=bd
#REVERSE:bd=detect_frameworks
docker_build=be
#REVERSE:be=docker_build
docker_cp=bf
#REVERSE:bf=docker_cp
docker_run=bg
#REVERSE:bg=docker_run
_execute_docker_run=bh
#REVERSE:bh=_execute_docker_run
find_bats_files=bi
#REVERSE:bi=find_bats_files
find_rust_test_files=bj
#REVERSE:bj=find_rust_test_files
framework_detector_with_registry=bk
#REVERSE:bk=framework_detector_with_registry
generate_suite_name=bl
#REVERSE:bl=generate_suite_name
get_absolute_path=bm
#REVERSE:bm=get_absolute_path
is_bats_file=bn
#REVERSE:bn=is_bats_file
is_file_seen=bo
#REVERSE:bo=is_file_seen
is_rust_file=bp
#REVERSE:bp=is_rust_file
json_array=bq
#REVERSE:bq=json_array
json_escape=br
#REVERSE:br=json_escape
json_object=bs
#REVERSE:bs=json_object
main=bt
#REVERSE:bt=main
normalize_path=bu
#REVERSE:bu=normalize_path
output_framework_detection_results=bv
#REVERSE:bv=output_framework_detection_results
output_results=bw
#REVERSE:bw=output_results
parse_test_suites_json=bx
#REVERSE:bx=parse_test_suites_json
project_scanner_registry_orchestration=by
#REVERSE:by=project_scanner_registry_orchestration
rust_adapter_check_binaries=bz
#REVERSE:bz=rust_adapter_check_binaries
rust_adapter_detect=bA
#REVERSE:bA=rust_adapter_detect
rust_adapter_detect_build_requirements=bB
#REVERSE:bB=rust_adapter_detect_build_requirements
rust_adapter_discover_test_suites=bC
#REVERSE:bC=rust_adapter_discover_test_suites
rust_adapter_execute_test_suite=bD
#REVERSE:bD=rust_adapter_execute_test_suite
rust_adapter_get_build_steps=bE
#REVERSE:bE=rust_adapter_get_build_steps
rust_adapter_get_confidence=bF
#REVERSE:bF=rust_adapter_get_confidence
rust_adapter_get_detection_method=bG
#REVERSE:bG=rust_adapter_get_detection_method
rust_adapter_get_metadata=bH
#REVERSE:bH=rust_adapter_get_metadata
rust_adapter_parse_test_results=bI
#REVERSE:bI=rust_adapter_parse_test_results
scan_project=bJ
#REVERSE:bJ=scan_project
show_help=bK
#REVERSE:bK=show_help
test_suite_discovery_with_registry=bL
#REVERSE:bL=test_suite_discovery_with_registry
ADAPTER_REGISTRY=bM
#REVERSE:bM=ADAPTER_REGISTRY
ADAPTER_REGISTRY_CAPABILITIES=bN
#REVERSE:bN=ADAPTER_REGISTRY_CAPABILITIES
ADAPTER_REGISTRY_CAPABILITIES_FILE=bO
#REVERSE:bO=ADAPTER_REGISTRY_CAPABILITIES_FILE
ADAPTER_REGISTRY_FILE=bP
#REVERSE:bP=ADAPTER_REGISTRY_FILE
ADAPTER_REGISTRY_INIT_FILE=bQ
#REVERSE:bQ=ADAPTER_REGISTRY_INIT_FILE
ADAPTER_REGISTRY_INITIALIZED=bR
#REVERSE:bR=ADAPTER_REGISTRY_INITIALIZED
ADAPTER_REGISTRY_ORDER=bS
#REVERSE:bS=ADAPTER_REGISTRY_ORDER
ADAPTER_REGISTRY_ORDER_FILE=bT
#REVERSE:bT=ADAPTER_REGISTRY_ORDER_FILE
BINARY_STATUS_JSON=bU
#REVERSE:bU=BINARY_STATUS_JSON
BUILD_MANAGER_ACTIVE_BUILDS_FILE=bV
#REVERSE:bV=BUILD_MANAGER_ACTIVE_BUILDS_FILE
BUILD_MANAGER_ACTIVE_CONTAINERS=bW
#REVERSE:bW=BUILD_MANAGER_ACTIVE_CONTAINERS
BUILD_MANAGER_BUILD_STATUS_FILE=bX
#REVERSE:bX=BUILD_MANAGER_BUILD_STATUS_FILE
BUILD_MANAGER_SECOND_SIGNAL=bY
#REVERSE:bY=BUILD_MANAGER_SECOND_SIGNAL
BUILD_MANAGER_SIGNAL_RECEIVED=bZ
#REVERSE:bZ=BUILD_MANAGER_SIGNAL_RECEIVED
BUILD_MANAGER_TEMP_DIR=b_
#REVERSE:b_=BUILD_MANAGER_TEMP_DIR
DETECTED_FRAMEWORKS=ca
#REVERSE:ca=DETECTED_FRAMEWORKS
DETECTED_FRAMEWORKS_JSON=cb
#REVERSE:cb=DETECTED_FRAMEWORKS_JSON
DISCOVERED_SUITES=cc
#REVERSE:cc=DISCOVERED_SUITES
FRAMEWORK_ADAPTERS=cd
#REVERSE:cd=FRAMEWORK_ADAPTERS
FRAMEWORK_DETAILS_JSON=ce
#REVERSE:ce=FRAMEWORK_DETAILS_JSON
FRAMEWORK_ERRORS_JSON=cf
#REVERSE:cf=FRAMEWORK_ERRORS_JSON
FRAMEWORK_WARNINGS_JSON=cg
#REVERSE:cg=FRAMEWORK_WARNINGS_JSON
REGISTRY_BASE_DIR=ch
#REVERSE:ch=REGISTRY_BASE_DIR
SCAN_ERRORS=ci
#REVERSE:ci=SCAN_ERRORS
artifacts_included=cj
#REVERSE:cj=artifacts_included
build_artifacts=ck
#REVERSE:ck=build_artifacts
build_command=cl
#REVERSE:cl=build_command
build_commands=cm
#REVERSE:cm=build_commands
build_dependencies=cn
#REVERSE:cn=build_dependencies
build_steps=co
#REVERSE:co=build_steps
container_id=cp
#REVERSE:cp=container_id
cpu_cores=cq
#REVERSE:cq=cpu_cores
cpu_cores_used=cr
#REVERSE:cr=cpu_cores_used
dockerfile_generated=cs
#REVERSE:cs=dockerfile_generated
dockerfile_path=ct
#REVERSE:ct=dockerfile_path
docker_image=cu
#REVERSE:cu=docker_image
duration=cv
#REVERSE:cv=duration
end_time=cw
#REVERSE:cw=end_time
environment_variables=cx
#REVERSE:cx=environment_variables
error=cy
#REVERSE:cy=error
execution_method=cz
#REVERSE:cz=execution_method
exit_code=cA
#REVERSE:cA=exit_code
failed_tests=cB
#REVERSE:cB=failed_tests
framework=cC
#REVERSE:cC=framework
image_id=cD
#REVERSE:cD=image_id
image_name=cE
#REVERSE:cE=image_name
image_verified=cF
#REVERSE:cF=image_verified
install_dependencies_command=cG
#REVERSE:cG=install_dependencies_command
name=cH
#REVERSE:cH=name
output=cI
#REVERSE:cI=output
passed_tests=cJ
#REVERSE:cJ=passed_tests
processed=cK
#REVERSE:cK=processed
ready=cL
#REVERSE:cL=ready
received=cM
#REVERSE:cM=received
requires_build=cN
#REVERSE:cN=requires_build
skipped_tests=cO
#REVERSE:cO=skipped_tests
source_included=cP
#REVERSE:cP=source_included
start_time=cQ
#REVERSE:cQ=start_time
status=cR
#REVERSE:cR=status
step_name=cS
#REVERSE:cS=step_name
success=cT
#REVERSE:cT=success
test_details=cU
#REVERSE:cU=test_details
test_files=cV
#REVERSE:cV=test_files
test_image=cW
#REVERSE:cW=test_image
tests_included=cX
#REVERSE:cX=tests_included
tiers=cY
#REVERSE:cY=tiers
total_tests=cZ
#REVERSE:cZ=total_tests
volume_mounts=c_
#REVERSE:c_=volume_mounts
working_directory=da
#REVERSE:da=working_directory
